// Jest Snapshot v1, https://goo.gl/fbAQLP

exports[`BulkMoveDialog renders and matches the snapshot 1`] = `<body />`;
